// Jest Snapshot v1, https://goo.gl/fbAQLP

exports[`<Make/>  renders successfully 1`] = `ShallowWrapper {}`;
